http://data.dm2e.eu/data/aggregation/onb/codices/%2BZ116548001
http://data.dm2e.eu/data/aggregation/onb/codices/%2BZ103983302
http://data.dm2e.eu/data/aggregation/onb/codices/%2BZ103974404
http://data.dm2e.eu/data/aggregation/onb/codices/%2BZ103983405
http://data.dm2e.eu/data/aggregation/onb/codices/%2BZ116501008
http://data.dm2e.eu/data/aggregation/onb/codices/%2BZ103938400
http://data.dm2e.eu/data/aggregation/onb/codices/%2BZ11650230X
http://data.dm2e.eu/data/aggregation/onb/codices/%2BZ116505804
http://data.dm2e.eu/data/aggregation/onb/codices/%2BZ116537003
http://data.dm2e.eu/data/aggregation/onb/codices/%2BZ103990409
http://data.dm2e.eu/data/aggregation/onb/codices/%2BZ103955501
http://data.dm2e.eu/data/aggregation/onb/codices/%2BZ116516206
http://data.dm2e.eu/data/aggregation/onb/codices/%2BZ103947504
http://data.dm2e.eu/data/aggregation/onb/codices/%2BZ103956001
http://data.dm2e.eu/data/aggregation/onb/codices/%2BZ103999802
http://data.dm2e.eu/data/aggregation/onb/codices/%2BZ11653600X
http://data.dm2e.eu/data/aggregation/onb/codices/%2BZ103988804
http://data.dm2e.eu/data/aggregation/onb/codices/%2BZ116505609
http://data.dm2e.eu/data/aggregation/onb/codices/%2BZ11654620X
http://data.dm2e.eu/data/aggregation/onb/codices/%2BZ10395630X
http://data.dm2e.eu/data/aggregation/onb/codices/%2BZ116512900
http://data.dm2e.eu/data/aggregation/onb/codices/%2BZ103995602
http://data.dm2e.eu/data/aggregation/onb/codices/%2BZ103975408
http://data.dm2e.eu/data/aggregation/onb/codices/%2BZ116504605
http://data.dm2e.eu/data/aggregation/onb/codices/%2BZ103914602
http://data.dm2e.eu/data/aggregation/onb/codices/%2BZ116515408
http://data.dm2e.eu/data/aggregation/onb/codices/%2BZ116512705
http://data.dm2e.eu/data/aggregation/onb/codices/%2BZ103937900
http://data.dm2e.eu/data/aggregation/onb/codices/%2BZ96712101
http://data.dm2e.eu/data/aggregation/onb/codices/%2BZ103976504
http://data.dm2e.eu/data/aggregation/onb/codices/%2BZ116502001
http://data.dm2e.eu/data/aggregation/onb/codices/%2BZ116515809
http://data.dm2e.eu/data/aggregation/onb/codices/%2BZ103975500
http://data.dm2e.eu/data/aggregation/onb/codices/%2BZ96712009
http://data.dm2e.eu/data/aggregation/onb/codices/%2BZ116504009
http://data.dm2e.eu/data/aggregation/onb/codices/%2BZ103975007
http://data.dm2e.eu/data/aggregation/onb/codices/%2BZ103997106
http://data.dm2e.eu/data/aggregation/onb/codices/%2BZ116549303
http://data.dm2e.eu/data/aggregation/onb/codices/%2BZ116516000
http://data.dm2e.eu/data/aggregation/onb/codices/%2BZ116501604
http://data.dm2e.eu/data/aggregation/onb/codices/%2BZ116537209
http://data.dm2e.eu/data/aggregation/onb/codices/%2BZ116506304
http://data.dm2e.eu/data/aggregation/onb/codices/%2BZ103986807
http://data.dm2e.eu/data/aggregation/onb/codices/%2BZ103956207
http://data.dm2e.eu/data/aggregation/onb/codices/%2BZ103918607
http://data.dm2e.eu/data/aggregation/onb/codices/%2BZ96713403
http://data.dm2e.eu/data/aggregation/onb/codices/%2BZ103947607
http://data.dm2e.eu/data/aggregation/onb/codices/%2BZ103983107
http://data.dm2e.eu/data/aggregation/onb/codices/%2BZ10399080X
http://data.dm2e.eu/data/aggregation/onb/codices/%2BZ103973308
http://data.dm2e.eu/data/aggregation/onb/codices/%2BZ103999607
http://data.dm2e.eu/data/aggregation/onb/codices/%2BZ103975202
http://data.dm2e.eu/data/aggregation/onb/codices/%2BZ103986704
http://data.dm2e.eu/data/aggregation/onb/codices/%2BZ116505403
http://data.dm2e.eu/data/aggregation/onb/codices/%2BZ103932902
http://data.dm2e.eu/data/aggregation/onb/codices/%2BZ103930206
http://data.dm2e.eu/data/aggregation/onb/codices/%2BZ9671190X
http://data.dm2e.eu/data/aggregation/onb/codices/%2BZ116516309
http://data.dm2e.eu/data/aggregation/onb/codices/%2BZ116505701
http://data.dm2e.eu/data/aggregation/onb/codices/%2BZ96702703
http://data.dm2e.eu/data/aggregation/onb/codices/%2BZ116546302
http://data.dm2e.eu/data/aggregation/onb/codices/%2BZ103922106
http://data.dm2e.eu/data/aggregation/onb/codices/%2BZ103983508
http://data.dm2e.eu/data/aggregation/onb/codices/%2BZ116547902
http://data.dm2e.eu/data/aggregation/onb/codices/%2BZ103975809
http://data.dm2e.eu/data/aggregation/onb/codices/%2BZ116550603
http://data.dm2e.eu/data/aggregation/onb/codices/%2BZ116550901
http://data.dm2e.eu/data/aggregation/onb/codices/%2BZ116537404
http://data.dm2e.eu/data/aggregation/onb/codices/%2BZ96724401
http://data.dm2e.eu/data/aggregation/onb/codices/%2BZ103997805
http://data.dm2e.eu/data/aggregation/onb/codices/%2BZ10399550X
http://data.dm2e.eu/data/aggregation/onb/codices/%2BZ116504307
http://data.dm2e.eu/data/aggregation/onb/codices/%2BZ11650440X
http://data.dm2e.eu/data/aggregation/onb/codices/%2BZ116501203
http://data.dm2e.eu/data/aggregation/onb/codices/%2BZ96701607
http://data.dm2e.eu/data/aggregation/onb/codices/%2BZ103986005
http://data.dm2e.eu/data/aggregation/onb/codices/%2BZ116515500
http://data.dm2e.eu/data/aggregation/onb/codices/%2BZ103953607
http://data.dm2e.eu/data/aggregation/onb/codices/%2BZ103924802
http://data.dm2e.eu/data/aggregation/onb/codices/%2BZ103985104
http://data.dm2e.eu/data/aggregation/onb/codices/%2BZ103976401
http://data.dm2e.eu/data/aggregation/onb/codices/%2BZ103988300
http://data.dm2e.eu/data/aggregation/onb/codices/%2BZ116502505
http://data.dm2e.eu/data/aggregation/onb/codices/%2BZ103937705
http://data.dm2e.eu/data/aggregation/onb/codices/%2BZ103937602
http://data.dm2e.eu/data/aggregation/onb/codices/%2BZ103914808
http://data.dm2e.eu/data/aggregation/onb/codices/%2BZ116511506
http://data.dm2e.eu/data/aggregation/onb/codices/%2BZ103976309
http://data.dm2e.eu/data/aggregation/onb/codices/%2BZ103904402
http://data.dm2e.eu/data/aggregation/onb/codices/%2BZ103972808
http://data.dm2e.eu/data/aggregation/onb/codices/%2BZ116504708
http://data.dm2e.eu/data/aggregation/onb/codices/%2BZ103995201
http://data.dm2e.eu/data/aggregation/onb/codices/%2BZ103937808
http://data.dm2e.eu/data/aggregation/onb/codices/%2BZ96715503
http://data.dm2e.eu/data/aggregation/onb/codices/%2BZ103979608
http://data.dm2e.eu/data/aggregation/onb/codices/%2BZ9672730X
http://data.dm2e.eu/data/aggregation/onb/codices/%2BZ116546004
http://data.dm2e.eu/data/aggregation/onb/codices/%2BZ116512808
http://data.dm2e.eu/data/aggregation/onb/codices/%2BZ116536102
http://data.dm2e.eu/data/aggregation/onb/codices/%2BZ103933803
http://data.dm2e.eu/data/aggregation/onb/codices/%2BZ103990902
http://data.dm2e.eu/data/aggregation/onb/codices/%2BZ10398690X
http://data.dm2e.eu/data/aggregation/onb/codices/%2BZ116516504
http://data.dm2e.eu/data/aggregation/onb/codices/%2BZ103983600
http://data.dm2e.eu/data/aggregation/onb/codices/%2BZ103985207
http://data.dm2e.eu/data/aggregation/onb/codices/%2BZ116515202
http://data.dm2e.eu/data/aggregation/onb/codices/%2BZ116509202
http://data.dm2e.eu/data/aggregation/onb/codices/%2BZ116501100
http://data.dm2e.eu/data/aggregation/onb/codices/%2BZ103986108
http://data.dm2e.eu/data/aggregation/onb/codices/%2BZ103991505
http://data.dm2e.eu/data/aggregation/onb/codices/%2BZ103975706
http://data.dm2e.eu/data/aggregation/onb/codices/%2BZ103985505
http://data.dm2e.eu/data/aggregation/onb/codices/%2BZ103956104
http://data.dm2e.eu/data/aggregation/onb/codices/%2BZ103920304
http://data.dm2e.eu/data/aggregation/onb/codices/%2BZ10397460X
http://data.dm2e.eu/data/aggregation/onb/codices/%2BZ103990100
http://data.dm2e.eu/data/aggregation/onb/codices/%2BZ103987800
http://data.dm2e.eu/data/aggregation/onb/codices/%2BZ103975603
http://data.dm2e.eu/data/aggregation/onb/codices/%2BZ116516401
http://data.dm2e.eu/data/aggregation/onb/codices/%2BZ103990501
http://data.dm2e.eu/data/aggregation/onb/codices/%2BZ103995006
http://data.dm2e.eu/data/aggregation/onb/codices/%2BZ103976000
http://data.dm2e.eu/data/aggregation/onb/codices/%2BZ103995304
http://data.dm2e.eu/data/aggregation/onb/codices/%2BZ116535900
http://data.dm2e.eu/data/aggregation/onb/codices/%2BZ116506201
http://data.dm2e.eu/data/aggregation/onb/codices/%2BZ116502104
http://data.dm2e.eu/data/aggregation/onb/codices/%2BZ116503509
http://data.dm2e.eu/data/aggregation/onb/codices/%2BZ103926409
http://data.dm2e.eu/data/aggregation/onb/codices/%2BZ103975305
http://data.dm2e.eu/data/aggregation/onb/codices/%2BZ116500909
http://data.dm2e.eu/data/aggregation/onb/codices/%2BZ116535705
http://data.dm2e.eu/data/aggregation/onb/codices/%2BZ103993009
http://data.dm2e.eu/data/aggregation/onb/codices/%2BZ116509706
http://data.dm2e.eu/data/aggregation/onb/codices/%2BZ9671240X
http://data.dm2e.eu/data/aggregation/onb/codices/%2BZ103971907
http://data.dm2e.eu/data/aggregation/onb/codices/%2BZ103997908
http://data.dm2e.eu/data/aggregation/onb/codices/%2BZ103963704
http://data.dm2e.eu/data/aggregation/onb/codices/%2BZ116502402
http://data.dm2e.eu/data/aggregation/onb/codices/%2BZ116515901
http://data.dm2e.eu/data/aggregation/onb/codices/%2BZ116535808
http://data.dm2e.eu/data/aggregation/onb/codices/%2BZ103956402
http://data.dm2e.eu/data/aggregation/onb/codices/%2BZ96709606
http://data.dm2e.eu/data/aggregation/onb/codices/%2BZ103917809
http://data.dm2e.eu/data/aggregation/onb/codices/%2BZ116510800
http://data.dm2e.eu/data/aggregation/onb/codices/%2BZ103977508
http://data.dm2e.eu/data/aggregation/onb/codices/%2BZ103988609
http://data.dm2e.eu/data/aggregation/onb/codices/%2BZ103986200
http://data.dm2e.eu/data/aggregation/onb/codices/%2BZ96716209
http://data.dm2e.eu/data/aggregation/onb/codices/%2BZ11651300X
http://data.dm2e.eu/data/aggregation/onb/codices/%2BZ116505907
http://data.dm2e.eu/data/aggregation/onb/codices/%2BZ103971506
http://data.dm2e.eu/data/aggregation/onb/codices/%2BZ103947103
http://data.dm2e.eu/data/aggregation/onb/codices/%2BZ116501707
http://data.dm2e.eu/data/aggregation/onb/codices/%2BZ116509603
http://data.dm2e.eu/data/aggregation/onb/codices/%2BZ103953103
http://data.dm2e.eu/data/aggregation/onb/codices/%2BZ103976103
http://data.dm2e.eu/data/aggregation/onb/codices/%2BZ103977909
http://data.dm2e.eu/data/aggregation/onb/codices/%2BZ103956700
http://data.dm2e.eu/data/aggregation/onb/codices/%2BZ103997702
http://data.dm2e.eu/data/aggregation/onb/codices/%2BZ116504502
http://data.dm2e.eu/data/aggregation/onb/codices/%2BZ103977405
http://data.dm2e.eu/data/aggregation/onb/codices/%2BZ103912502
http://data.dm2e.eu/data/aggregation/onb/codices/%2BZ103945702
http://data.dm2e.eu/data/aggregation/onb/codices/%2BZ10393490X
http://data.dm2e.eu/data/aggregation/onb/codices/%2BZ103953504
http://data.dm2e.eu/data/aggregation/onb/codices/%2BZ103977107
http://data.dm2e.eu/data/aggregation/onb/codices/%2BZ103983703
http://data.dm2e.eu/data/aggregation/onb/codices/%2BZ103993204
http://data.dm2e.eu/data/aggregation/onb/codices/%2BZ11654780X
http://data.dm2e.eu/data/aggregation/onb/codices/%2BZ103974507
http://data.dm2e.eu/data/aggregation/onb/codices/%2BZ103985001
http://data.dm2e.eu/data/aggregation/onb/codices/%2BZ103999504
http://data.dm2e.eu/data/aggregation/onb/codices/%2BZ96715801
http://data.dm2e.eu/data/aggregation/onb/codices/%2BZ103992005
http://data.dm2e.eu/data/aggregation/onb/codices/%2BZ103926306
