http://data.dm2e.eu/data/aggregation/ub-ffm/msma/urn:nbn:de:hebis:30:2-14677
http://data.dm2e.eu/data/aggregation/ub-ffm/msma/urn:nbn:de:hebis:30:2-44122
http://data.dm2e.eu/data/aggregation/ub-ffm/msma/urn:nbn:de:hebis:30:2-18302
http://data.dm2e.eu/data/aggregation/ub-ffm/msma/urn:nbn:de:hebis:30:2-45253
http://data.dm2e.eu/data/aggregation/ub-ffm/msma/urn:nbn:de:hebis:30:2-12570
http://data.dm2e.eu/data/aggregation/ub-ffm/msma/urn:nbn:de:hebis:30:2-46299
http://data.dm2e.eu/data/aggregation/ub-ffm/msma/urn:nbn:de:hebis:30:2-17338
http://data.dm2e.eu/data/aggregation/ub-ffm/msma/urn:nbn:de:hebis:30:2-16595
http://data.dm2e.eu/data/aggregation/ub-ffm/msma/urn:nbn:de:hebis:30:2-11883
http://data.dm2e.eu/data/aggregation/ub-ffm/msma/urn:nbn:de:hebis:30:2-43923
http://data.dm2e.eu/data/aggregation/ub-ffm/msma/urn:nbn:de:hebis:30:2-14639
http://data.dm2e.eu/data/aggregation/ub-ffm/msma/urn:nbn:de:hebis:30:2-47478
http://data.dm2e.eu/data/aggregation/ub-ffm/msma/urn:nbn:de:hebis:30:2-12184
http://data.dm2e.eu/data/aggregation/ub-ffm/msma/urn:nbn:de:hebis:30:2-12178
http://data.dm2e.eu/data/aggregation/ub-ffm/msma/urn:nbn:de:hebis:30:2-44873
http://data.dm2e.eu/data/aggregation/ub-ffm/msma/urn:nbn:de:hebis:30:2-12518
http://data.dm2e.eu/data/aggregation/ub-ffm/msma/urn:nbn:de:hebis:30:2-18000
http://data.dm2e.eu/data/aggregation/ub-ffm/msma/urn:nbn:de:hebis:30:2-12520
http://data.dm2e.eu/data/aggregation/ub-ffm/msma/urn:nbn:de:hebis:30:2-46042
http://data.dm2e.eu/data/aggregation/ub-ffm/msma/urn:nbn:de:hebis:30:2-14179
http://data.dm2e.eu/data/aggregation/ub-ffm/msma/urn:nbn:de:hebis:30:2-45287
http://data.dm2e.eu/data/aggregation/ub-ffm/msma/urn:nbn:de:hebis:30:2-13420
http://data.dm2e.eu/data/aggregation/ub-ffm/msma/urn:nbn:de:hebis:30:2-14011
http://data.dm2e.eu/data/aggregation/ub-ffm/msma/urn:nbn:de:hebis:30:2-11801
http://data.dm2e.eu/data/aggregation/ub-ffm/msma/urn:nbn:de:hebis:30:2-14346
http://data.dm2e.eu/data/aggregation/ub-ffm/msma/urn:nbn:de:hebis:30:2-17369
http://data.dm2e.eu/data/aggregation/ub-ffm/msma/urn:nbn:de:hebis:30:2-17354
http://data.dm2e.eu/data/aggregation/ub-ffm/msma/urn:nbn:de:hebis:30:2-14206
http://data.dm2e.eu/data/aggregation/ub-ffm/msma/urn:nbn:de:hebis:30:2-18573
http://data.dm2e.eu/data/aggregation/ub-ffm/msma/urn:nbn:de:hebis:30:2-15217
http://data.dm2e.eu/data/aggregation/ub-ffm/msma/urn:nbn:de:hebis:30:2-44595
http://data.dm2e.eu/data/aggregation/ub-ffm/msma/urn:nbn:de:hebis:30:2-13866
http://data.dm2e.eu/data/aggregation/ub-ffm/msma/urn:nbn:de:hebis:30:2-44387
http://data.dm2e.eu/data/aggregation/ub-ffm/msma/urn:nbn:de:hebis:30:2-15554
http://data.dm2e.eu/data/aggregation/ub-ffm/msma/urn:nbn:de:hebis:30:2-47429
http://data.dm2e.eu/data/aggregation/ub-ffm/msma/urn:nbn:de:hebis:30:2-44778
http://data.dm2e.eu/data/aggregation/ub-ffm/msma/urn:nbn:de:hebis:30:2-47987
http://data.dm2e.eu/data/aggregation/ub-ffm/msma/urn:nbn:de:hebis:30:2-14564
http://data.dm2e.eu/data/aggregation/ub-ffm/msma/urn:nbn:de:hebis:30:2-17083
http://data.dm2e.eu/data/aggregation/ub-ffm/msma/urn:nbn:de:hebis:30:2-14062
http://data.dm2e.eu/data/aggregation/ub-ffm/msma/urn:nbn:de:hebis:30:2-14183
http://data.dm2e.eu/data/aggregation/ub-ffm/msma/urn:nbn:de:hebis:30:2-44310
http://data.dm2e.eu/data/aggregation/ub-ffm/msma/urn:nbn:de:hebis:30:2-13470
http://data.dm2e.eu/data/aggregation/ub-ffm/msma/urn:nbn:de:hebis:30:2-44983
http://data.dm2e.eu/data/aggregation/ub-ffm/msma/urn:nbn:de:hebis:30:2-11536
http://data.dm2e.eu/data/aggregation/ub-ffm/msma/urn:nbn:de:hebis:30:2-14099
http://data.dm2e.eu/data/aggregation/ub-ffm/msma/urn:nbn:de:hebis:30:2-12937
http://data.dm2e.eu/data/aggregation/ub-ffm/msma/urn:nbn:de:hebis:30:2-13550
http://data.dm2e.eu/data/aggregation/ub-ffm/msma/urn:nbn:de:hebis:30:2-44116
http://data.dm2e.eu/data/aggregation/ub-ffm/msma/urn:nbn:de:hebis:30:2-46302
http://data.dm2e.eu/data/aggregation/ub-ffm/msma/urn:nbn:de:hebis:30:2-14817
http://data.dm2e.eu/data/aggregation/ub-ffm/msma/urn:nbn:de:hebis:30:2-16054
http://data.dm2e.eu/data/aggregation/ub-ffm/msma/urn:nbn:de:hebis:30:2-45127
http://data.dm2e.eu/data/aggregation/ub-ffm/msma/urn:nbn:de:hebis:30:2-14951
http://data.dm2e.eu/data/aggregation/ub-ffm/msma/urn:nbn:de:hebis:30:2-44897
http://data.dm2e.eu/data/aggregation/ub-ffm/msma/urn:nbn:de:hebis:30:2-44630
http://data.dm2e.eu/data/aggregation/ub-ffm/msma/urn:nbn:de:hebis:30:2-14193
http://data.dm2e.eu/data/aggregation/ub-ffm/msma/urn:nbn:de:hebis:30:2-17648
http://data.dm2e.eu/data/aggregation/ub-ffm/msma/urn:nbn:de:hebis:30:2-47315
http://data.dm2e.eu/data/aggregation/ub-ffm/msma/urn:nbn:de:hebis:30:2-17035
http://data.dm2e.eu/data/aggregation/ub-ffm/msma/urn:nbn:de:hebis:30:2-45760
http://data.dm2e.eu/data/aggregation/ub-ffm/msma/urn:nbn:de:hebis:30:2-12106
http://data.dm2e.eu/data/aggregation/ub-ffm/msma/urn:nbn:de:hebis:30:2-17861
http://data.dm2e.eu/data/aggregation/ub-ffm/msma/urn:nbn:de:hebis:30:2-15245
http://data.dm2e.eu/data/aggregation/ub-ffm/msma/urn:nbn:de:hebis:30:2-14102
http://data.dm2e.eu/data/aggregation/ub-ffm/msma/urn:nbn:de:hebis:30:2-47305
http://data.dm2e.eu/data/aggregation/ub-ffm/msma/urn:nbn:de:hebis:30:2-15115
http://data.dm2e.eu/data/aggregation/ub-ffm/msma/urn:nbn:de:hebis:30:2-12056
http://data.dm2e.eu/data/aggregation/ub-ffm/msma/urn:nbn:de:hebis:30:2-11694
http://data.dm2e.eu/data/aggregation/ub-ffm/msma/urn:nbn:de:hebis:30:2-13162
http://data.dm2e.eu/data/aggregation/ub-ffm/msma/urn:nbn:de:hebis:30:2-17101
http://data.dm2e.eu/data/aggregation/ub-ffm/msma/urn:nbn:de:hebis:30:2-43909
http://data.dm2e.eu/data/aggregation/ub-ffm/msma/urn:nbn:de:hebis:30:2-44202
http://data.dm2e.eu/data/aggregation/ub-ffm/msma/urn:nbn:de:hebis:30:2-14444
http://data.dm2e.eu/data/aggregation/ub-ffm/msma/urn:nbn:de:hebis:30:2-44426
http://data.dm2e.eu/data/aggregation/ub-ffm/msma/urn:nbn:de:hebis:30:2-44825
http://data.dm2e.eu/data/aggregation/ub-ffm/msma/urn:nbn:de:hebis:30:2-44256
http://data.dm2e.eu/data/aggregation/ub-ffm/msma/urn:nbn:de:hebis:30:2-16288
http://data.dm2e.eu/data/aggregation/ub-ffm/msma/urn:nbn:de:hebis:30:2-44218
http://data.dm2e.eu/data/aggregation/ub-ffm/msma/urn:nbn:de:hebis:30:2-13576
http://data.dm2e.eu/data/aggregation/ub-ffm/msma/urn:nbn:de:hebis:30:2-18104
http://data.dm2e.eu/data/aggregation/ub-ffm/msma/urn:nbn:de:hebis:30:2-43790
http://data.dm2e.eu/data/aggregation/ub-ffm/msma/urn:nbn:de:hebis:30:2-44322
http://data.dm2e.eu/data/aggregation/ub-ffm/msma/urn:nbn:de:hebis:30:2-16727
http://data.dm2e.eu/data/aggregation/ub-ffm/msma/urn:nbn:de:hebis:30:2-14583
http://data.dm2e.eu/data/aggregation/ub-ffm/msma/urn:nbn:de:hebis:30:2-11547
http://data.dm2e.eu/data/aggregation/ub-ffm/msma/urn:nbn:de:hebis:30:2-47815
http://data.dm2e.eu/data/aggregation/ub-ffm/msma/urn:nbn:de:hebis:30:2-15079
http://data.dm2e.eu/data/aggregation/ub-ffm/msma/urn:nbn:de:hebis:30:2-13010
http://data.dm2e.eu/data/aggregation/ub-ffm/msma/urn:nbn:de:hebis:30:2-43726
http://data.dm2e.eu/data/aggregation/ub-ffm/msma/urn:nbn:de:hebis:30:2-13883
http://data.dm2e.eu/data/aggregation/ub-ffm/msma/urn:nbn:de:hebis:30:2-46320
http://data.dm2e.eu/data/aggregation/ub-ffm/msma/urn:nbn:de:hebis:30:2-12502
http://data.dm2e.eu/data/aggregation/ub-ffm/msma/urn:nbn:de:hebis:30:2-16702
http://data.dm2e.eu/data/aggregation/ub-ffm/msma/urn:nbn:de:hebis:30:2-11555
http://data.dm2e.eu/data/aggregation/ub-ffm/msma/urn:nbn:de:hebis:30:2-18621
http://data.dm2e.eu/data/aggregation/ub-ffm/msma/urn:nbn:de:hebis:30:2-15367
http://data.dm2e.eu/data/aggregation/ub-ffm/msma/urn:nbn:de:hebis:30:2-14247
http://data.dm2e.eu/data/aggregation/ub-ffm/msma/urn:nbn:de:hebis:30:2-44242
http://data.dm2e.eu/data/aggregation/ub-ffm/msma/urn:nbn:de:hebis:30:2-17007
http://data.dm2e.eu/data/aggregation/ub-ffm/msma/urn:nbn:de:hebis:30:2-18023
http://data.dm2e.eu/data/aggregation/ub-ffm/msma/urn:nbn:de:hebis:30:2-18142
http://data.dm2e.eu/data/aggregation/ub-ffm/msma/urn:nbn:de:hebis:30:2-12593
http://data.dm2e.eu/data/aggregation/ub-ffm/msma/urn:nbn:de:hebis:30:2-13567
http://data.dm2e.eu/data/aggregation/ub-ffm/msma/urn:nbn:de:hebis:30:2-17282
http://data.dm2e.eu/data/aggregation/ub-ffm/msma/urn:nbn:de:hebis:30:2-18276
http://data.dm2e.eu/data/aggregation/ub-ffm/msma/urn:nbn:de:hebis:30:2-16491
http://data.dm2e.eu/data/aggregation/ub-ffm/msma/urn:nbn:de:hebis:30:2-16806
http://data.dm2e.eu/data/aggregation/ub-ffm/msma/urn:nbn:de:hebis:30:2-15376
http://data.dm2e.eu/data/aggregation/ub-ffm/msma/urn:nbn:de:hebis:30:2-14946
http://data.dm2e.eu/data/aggregation/ub-ffm/msma/urn:nbn:de:hebis:30:2-46265
http://data.dm2e.eu/data/aggregation/ub-ffm/msma/urn:nbn:de:hebis:30:2-44764
http://data.dm2e.eu/data/aggregation/ub-ffm/msma/urn:nbn:de:hebis:30:2-47464
http://data.dm2e.eu/data/aggregation/ub-ffm/msma/urn:nbn:de:hebis:30:2-43649
http://data.dm2e.eu/data/aggregation/ub-ffm/msma/urn:nbn:de:hebis:30:2-12031
http://data.dm2e.eu/data/aggregation/ub-ffm/msma/urn:nbn:de:hebis:30:2-11637
http://data.dm2e.eu/data/aggregation/ub-ffm/msma/urn:nbn:de:hebis:30:2-12499
http://data.dm2e.eu/data/aggregation/ub-ffm/msma/urn:nbn:de:hebis:30:2-48100
http://data.dm2e.eu/data/aggregation/ub-ffm/msma/urn:nbn:de:hebis:30:2-14148
http://data.dm2e.eu/data/aggregation/ub-ffm/msma/urn:nbn:de:hebis:30:2-13294
http://data.dm2e.eu/data/aggregation/ub-ffm/msma/urn:nbn:de:hebis:30:2-13347
http://data.dm2e.eu/data/aggregation/ub-ffm/msma/urn:nbn:de:hebis:30:2-14320
http://data.dm2e.eu/data/aggregation/ub-ffm/msma/urn:nbn:de:hebis:30:2-13234
http://data.dm2e.eu/data/aggregation/ub-ffm/msma/urn:nbn:de:hebis:30:2-16202
http://data.dm2e.eu/data/aggregation/ub-ffm/msma/urn:nbn:de:hebis:30:2-14911
http://data.dm2e.eu/data/aggregation/ub-ffm/msma/urn:nbn:de:hebis:30:2-44952
http://data.dm2e.eu/data/aggregation/ub-ffm/msma/urn:nbn:de:hebis:30:2-16699
http://data.dm2e.eu/data/aggregation/ub-ffm/msma/urn:nbn:de:hebis:30:2-17376
http://data.dm2e.eu/data/aggregation/ub-ffm/msma/urn:nbn:de:hebis:30:2-11671
http://data.dm2e.eu/data/aggregation/ub-ffm/msma/urn:nbn:de:hebis:30:2-18067
http://data.dm2e.eu/data/aggregation/ub-ffm/msma/urn:nbn:de:hebis:30:2-16275
http://data.dm2e.eu/data/aggregation/ub-ffm/msma/urn:nbn:de:hebis:30:2-15125
http://data.dm2e.eu/data/aggregation/ub-ffm/msma/urn:nbn:de:hebis:30:2-15972
http://data.dm2e.eu/data/aggregation/ub-ffm/msma/urn:nbn:de:hebis:30:2-45309
http://data.dm2e.eu/data/aggregation/ub-ffm/msma/urn:nbn:de:hebis:30:2-17439
http://data.dm2e.eu/data/aggregation/ub-ffm/msma/urn:nbn:de:hebis:30:2-17271
http://data.dm2e.eu/data/aggregation/ub-ffm/msma/urn:nbn:de:hebis:30:2-14288
http://data.dm2e.eu/data/aggregation/ub-ffm/msma/urn:nbn:de:hebis:30:2-13794
http://data.dm2e.eu/data/aggregation/ub-ffm/msma/urn:nbn:de:hebis:30:2-18253
http://data.dm2e.eu/data/aggregation/ub-ffm/msma/urn:nbn:de:hebis:30:2-44860
http://data.dm2e.eu/data/aggregation/ub-ffm/msma/urn:nbn:de:hebis:30:2-16487
http://data.dm2e.eu/data/aggregation/ub-ffm/msma/urn:nbn:de:hebis:30:2-45349
http://data.dm2e.eu/data/aggregation/ub-ffm/msma/urn:nbn:de:hebis:30:2-14168
http://data.dm2e.eu/data/aggregation/ub-ffm/msma/urn:nbn:de:hebis:30:2-15252
http://data.dm2e.eu/data/aggregation/ub-ffm/msma/urn:nbn:de:hebis:30:2-11619
http://data.dm2e.eu/data/aggregation/ub-ffm/msma/urn:nbn:de:hebis:30:2-45276
http://data.dm2e.eu/data/aggregation/ub-ffm/msma/urn:nbn:de:hebis:30:2-14751
http://data.dm2e.eu/data/aggregation/ub-ffm/msma/urn:nbn:de:hebis:30:2-48010
http://data.dm2e.eu/data/aggregation/ub-ffm/msma/urn:nbn:de:hebis:30:2-13588
http://data.dm2e.eu/data/aggregation/ub-ffm/msma/urn:nbn:de:hebis:30:2-14728
http://data.dm2e.eu/data/aggregation/ub-ffm/msma/urn:nbn:de:hebis:30:2-43658
http://data.dm2e.eu/data/aggregation/ub-ffm/msma/urn:nbn:de:hebis:30:2-44720
http://data.dm2e.eu/data/aggregation/ub-ffm/msma/urn:nbn:de:hebis:30:2-17796
http://data.dm2e.eu/data/aggregation/ub-ffm/msma/urn:nbn:de:hebis:30:2-43662
http://data.dm2e.eu/data/aggregation/ub-ffm/msma/urn:nbn:de:hebis:30:2-17812
http://data.dm2e.eu/data/aggregation/ub-ffm/msma/urn:nbn:de:hebis:30:2-44108
http://data.dm2e.eu/data/aggregation/ub-ffm/msma/urn:nbn:de:hebis:30:2-45296
http://data.dm2e.eu/data/aggregation/ub-ffm/msma/urn:nbn:de:hebis:30:2-17210
http://data.dm2e.eu/data/aggregation/ub-ffm/msma/urn:nbn:de:hebis:30:2-46313
http://data.dm2e.eu/data/aggregation/ub-ffm/msma/urn:nbn:de:hebis:30:2-17296
http://data.dm2e.eu/data/aggregation/ub-ffm/msma/urn:nbn:de:hebis:30:2-16878
http://data.dm2e.eu/data/aggregation/ub-ffm/msma/urn:nbn:de:hebis:30:2-17427
http://data.dm2e.eu/data/aggregation/ub-ffm/msma/urn:nbn:de:hebis:30:2-47532
http://data.dm2e.eu/data/aggregation/ub-ffm/msma/urn:nbn:de:hebis:30:2-15731
http://data.dm2e.eu/data/aggregation/ub-ffm/msma/urn:nbn:de:hebis:30:2-18222
http://data.dm2e.eu/data/aggregation/ub-ffm/msma/urn:nbn:de:hebis:30:2-15034
http://data.dm2e.eu/data/aggregation/ub-ffm/msma/urn:nbn:de:hebis:30:2-12645
http://data.dm2e.eu/data/aggregation/ub-ffm/msma/urn:nbn:de:hebis:30:2-14766
http://data.dm2e.eu/data/aggregation/ub-ffm/msma/urn:nbn:de:hebis:30:2-47277
http://data.dm2e.eu/data/aggregation/ub-ffm/msma/urn:nbn:de:hebis:30:2-11646
http://data.dm2e.eu/data/aggregation/ub-ffm/msma/urn:nbn:de:hebis:30:2-17167
http://data.dm2e.eu/data/aggregation/ub-ffm/msma/urn:nbn:de:hebis:30:2-13365
http://data.dm2e.eu/data/aggregation/ub-ffm/msma/urn:nbn:de:hebis:30:2-46552
http://data.dm2e.eu/data/aggregation/ub-ffm/msma/urn:nbn:de:hebis:30:2-11725
http://data.dm2e.eu/data/aggregation/ub-ffm/msma/urn:nbn:de:hebis:30:2-46546
http://data.dm2e.eu/data/aggregation/ub-ffm/msma/urn:nbn:de:hebis:30:2-45350
http://data.dm2e.eu/data/aggregation/ub-ffm/msma/urn:nbn:de:hebis:30:2-14361
http://data.dm2e.eu/data/aggregation/ub-ffm/msma/urn:nbn:de:hebis:30:2-14693
http://data.dm2e.eu/data/aggregation/ub-ffm/msma/urn:nbn:de:hebis:30:2-13984
http://data.dm2e.eu/data/aggregation/ub-ffm/msma/urn:nbn:de:hebis:30:2-11590
http://data.dm2e.eu/data/aggregation/ub-ffm/msma/urn:nbn:de:hebis:30:2-11575
http://data.dm2e.eu/data/aggregation/ub-ffm/msma/urn:nbn:de:hebis:30:2-14033
http://data.dm2e.eu/data/aggregation/ub-ffm/msma/urn:nbn:de:hebis:30:2-13998
http://data.dm2e.eu/data/aggregation/ub-ffm/msma/urn:nbn:de:hebis:30:2-44682
http://data.dm2e.eu/data/aggregation/ub-ffm/msma/urn:nbn:de:hebis:30:2-13335
http://data.dm2e.eu/data/aggregation/ub-ffm/msma/urn:nbn:de:hebis:30:2-46377
http://data.dm2e.eu/data/aggregation/ub-ffm/msma/urn:nbn:de:hebis:30:2-18526
http://data.dm2e.eu/data/aggregation/ub-ffm/msma/urn:nbn:de:hebis:30:2-12060
http://data.dm2e.eu/data/aggregation/ub-ffm/msma/urn:nbn:de:hebis:30:2-14538
http://data.dm2e.eu/data/aggregation/ub-ffm/msma/urn:nbn:de:hebis:30:2-47417
http://data.dm2e.eu/data/aggregation/ub-ffm/msma/urn:nbn:de:hebis:30:2-44353
http://data.dm2e.eu/data/aggregation/ub-ffm/msma/urn:nbn:de:hebis:30:2-16145
http://data.dm2e.eu/data/aggregation/ub-ffm/msma/urn:nbn:de:hebis:30:2-16887
http://data.dm2e.eu/data/aggregation/ub-ffm/msma/urn:nbn:de:hebis:30:2-46361
http://data.dm2e.eu/data/aggregation/ub-ffm/msma/urn:nbn:de:hebis:30:2-11738
http://data.dm2e.eu/data/aggregation/ub-ffm/msma/urn:nbn:de:hebis:30:2-43846
http://data.dm2e.eu/data/aggregation/ub-ffm/msma/urn:nbn:de:hebis:30:2-15965
http://data.dm2e.eu/data/aggregation/ub-ffm/msma/urn:nbn:de:hebis:30:2-16170
http://data.dm2e.eu/data/aggregation/ub-ffm/msma/urn:nbn:de:hebis:30:2-16810
http://data.dm2e.eu/data/aggregation/ub-ffm/msma/urn:nbn:de:hebis:30:2-18555
http://data.dm2e.eu/data/aggregation/ub-ffm/msma/urn:nbn:de:hebis:30:2-11907
http://data.dm2e.eu/data/aggregation/ub-ffm/msma/urn:nbn:de:hebis:30:2-15270
http://data.dm2e.eu/data/aggregation/ub-ffm/msma/urn:nbn:de:hebis:30:2-18382
http://data.dm2e.eu/data/aggregation/ub-ffm/msma/urn:nbn:de:hebis:30:2-17309
http://data.dm2e.eu/data/aggregation/ub-ffm/msma/urn:nbn:de:hebis:30:2-15092
http://data.dm2e.eu/data/aggregation/ub-ffm/msma/urn:nbn:de:hebis:30:2-13307
http://data.dm2e.eu/data/aggregation/ub-ffm/msma/urn:nbn:de:hebis:30:2-16924
http://data.dm2e.eu/data/aggregation/ub-ffm/msma/urn:nbn:de:hebis:30:2-47503
http://data.dm2e.eu/data/aggregation/ub-ffm/msma/urn:nbn:de:hebis:30:2-15261
http://data.dm2e.eu/data/aggregation/ub-ffm/msma/urn:nbn:de:hebis:30:2-13452
http://data.dm2e.eu/data/aggregation/ub-ffm/msma/urn:nbn:de:hebis:30:2-14265
http://data.dm2e.eu/data/aggregation/ub-ffm/msma/urn:nbn:de:hebis:30:2-17929
http://data.dm2e.eu/data/aggregation/ub-ffm/msma/urn:nbn:de:hebis:30:2-17765
http://data.dm2e.eu/data/aggregation/ub-ffm/msma/urn:nbn:de:hebis:30:2-17061
http://data.dm2e.eu/data/aggregation/ub-ffm/msma/urn:nbn:de:hebis:30:2-16514
http://data.dm2e.eu/data/aggregation/ub-ffm/msma/urn:nbn:de:hebis:30:2-16616
http://data.dm2e.eu/data/aggregation/ub-ffm/msma/urn:nbn:de:hebis:30:2-12153
http://data.dm2e.eu/data/aggregation/ub-ffm/msma/urn:nbn:de:hebis:30:2-14215
http://data.dm2e.eu/data/aggregation/ub-ffm/msma/urn:nbn:de:hebis:30:2-44850
http://data.dm2e.eu/data/aggregation/ub-ffm/msma/urn:nbn:de:hebis:30:2-44928
http://data.dm2e.eu/data/aggregation/ub-ffm/msma/urn:nbn:de:hebis:30:2-11872
http://data.dm2e.eu/data/aggregation/ub-ffm/msma/urn:nbn:de:hebis:30:2-18299
http://data.dm2e.eu/data/aggregation/ub-ffm/msma/urn:nbn:de:hebis:30:2-44845
http://data.dm2e.eu/data/aggregation/ub-ffm/msma/urn:nbn:de:hebis:30:2-44376
http://data.dm2e.eu/data/aggregation/ub-ffm/msma/urn:nbn:de:hebis:30:2-11788
http://data.dm2e.eu/data/aggregation/ub-ffm/msma/urn:nbn:de:hebis:30:2-13545
http://data.dm2e.eu/data/aggregation/ub-ffm/msma/urn:nbn:de:hebis:30:2-17466
http://data.dm2e.eu/data/aggregation/ub-ffm/msma/urn:nbn:de:hebis:30:2-13852
http://data.dm2e.eu/data/aggregation/ub-ffm/msma/urn:nbn:de:hebis:30:2-12688
http://data.dm2e.eu/data/aggregation/ub-ffm/msma/urn:nbn:de:hebis:30:2-14467
http://data.dm2e.eu/data/aggregation/ub-ffm/msma/urn:nbn:de:hebis:30:2-14459
http://data.dm2e.eu/data/aggregation/ub-ffm/msma/urn:nbn:de:hebis:30:2-16943
http://data.dm2e.eu/data/aggregation/ub-ffm/msma/urn:nbn:de:hebis:30:2-16095
http://data.dm2e.eu/data/aggregation/ub-ffm/msma/urn:nbn:de:hebis:30:2-45022
http://data.dm2e.eu/data/aggregation/ub-ffm/msma/urn:nbn:de:hebis:30:2-11768
http://data.dm2e.eu/data/aggregation/ub-ffm/msma/urn:nbn:de:hebis:30:2-47431
http://data.dm2e.eu/data/aggregation/ub-ffm/msma/urn:nbn:de:hebis:30:2-47869
http://data.dm2e.eu/data/aggregation/ub-ffm/msma/urn:nbn:de:hebis:30:2-16199
http://data.dm2e.eu/data/aggregation/ub-ffm/msma/urn:nbn:de:hebis:30:2-15388
http://data.dm2e.eu/data/aggregation/ub-ffm/msma/urn:nbn:de:hebis:30:2-13188
http://data.dm2e.eu/data/aggregation/ub-ffm/msma/urn:nbn:de:hebis:30:2-15394
http://data.dm2e.eu/data/aggregation/ub-ffm/msma/urn:nbn:de:hebis:30:2-39532
http://data.dm2e.eu/data/aggregation/ub-ffm/msma/urn:nbn:de:hebis:30:2-15666
http://data.dm2e.eu/data/aggregation/ub-ffm/msma/urn:nbn:de:hebis:30:2-45710
http://data.dm2e.eu/data/aggregation/ub-ffm/msma/urn:nbn:de:hebis:30:2-43717
http://data.dm2e.eu/data/aggregation/ub-ffm/msma/urn:nbn:de:hebis:30:2-16930
http://data.dm2e.eu/data/aggregation/ub-ffm/msma/urn:nbn:de:hebis:30:2-13777
http://data.dm2e.eu/data/aggregation/ub-ffm/msma/urn:nbn:de:hebis:30:2-13816
http://data.dm2e.eu/data/aggregation/ub-ffm/msma/urn:nbn:de:hebis:30:2-14336
http://data.dm2e.eu/data/aggregation/ub-ffm/msma/urn:nbn:de:hebis:30:2-12073
http://data.dm2e.eu/data/aggregation/ub-ffm/msma/urn:nbn:de:hebis:30:2-11653
http://data.dm2e.eu/data/aggregation/ub-ffm/msma/urn:nbn:de:hebis:30:2-15856
http://data.dm2e.eu/data/aggregation/ub-ffm/msma/urn:nbn:de:hebis:30:2-14088
http://data.dm2e.eu/data/aggregation/ub-ffm/msma/urn:nbn:de:hebis:30:2-14529
http://data.dm2e.eu/data/aggregation/ub-ffm/msma/urn:nbn:de:hebis:30:2-43487
http://data.dm2e.eu/data/aggregation/ub-ffm/msma/urn:nbn:de:hebis:30:2-47560
http://data.dm2e.eu/data/aggregation/ub-ffm/msma/urn:nbn:de:hebis:30:2-16978
http://data.dm2e.eu/data/aggregation/ub-ffm/msma/urn:nbn:de:hebis:30:2-14050
http://data.dm2e.eu/data/aggregation/ub-ffm/msma/urn:nbn:de:hebis:30:2-46104
http://data.dm2e.eu/data/aggregation/ub-ffm/msma/urn:nbn:de:hebis:30:2-13953
http://data.dm2e.eu/data/aggregation/ub-ffm/msma/urn:nbn:de:hebis:30:2-11750
http://data.dm2e.eu/data/aggregation/ub-ffm/msma/urn:nbn:de:hebis:30:2-13174
http://data.dm2e.eu/data/aggregation/ub-ffm/msma/urn:nbn:de:hebis:30:2-11745
http://data.dm2e.eu/data/aggregation/ub-ffm/msma/urn:nbn:de:hebis:30:2-17598
http://data.dm2e.eu/data/aggregation/ub-ffm/msma/urn:nbn:de:hebis:30:2-16224
http://data.dm2e.eu/data/aggregation/ub-ffm/msma/urn:nbn:de:hebis:30:2-15429
http://data.dm2e.eu/data/aggregation/ub-ffm/msma/urn:nbn:de:hebis:30:2-13872
http://data.dm2e.eu/data/aggregation/ub-ffm/msma/urn:nbn:de:hebis:30:2-12018
http://data.dm2e.eu/data/aggregation/ub-ffm/msma/urn:nbn:de:hebis:30:2-12989
http://data.dm2e.eu/data/aggregation/ub-ffm/msma/urn:nbn:de:hebis:30:2-17710
http://data.dm2e.eu/data/aggregation/ub-ffm/msma/urn:nbn:de:hebis:30:2-18044
http://data.dm2e.eu/data/aggregation/ub-ffm/msma/urn:nbn:de:hebis:30:2-13971
http://data.dm2e.eu/data/aggregation/ub-ffm/msma/urn:nbn:de:hebis:30:2-16024
http://data.dm2e.eu/data/aggregation/ub-ffm/msma/urn:nbn:de:hebis:30:2-45312
http://data.dm2e.eu/data/aggregation/ub-ffm/msma/urn:nbn:de:hebis:30:2-12637
http://data.dm2e.eu/data/aggregation/ub-ffm/msma/urn:nbn:de:hebis:30:2-12447
http://data.dm2e.eu/data/aggregation/ub-ffm/msma/urn:nbn:de:hebis:30:2-13841
http://data.dm2e.eu/data/aggregation/ub-ffm/msma/urn:nbn:de:hebis:30:2-14370
http://data.dm2e.eu/data/aggregation/ub-ffm/msma/urn:nbn:de:hebis:30:2-15790
http://data.dm2e.eu/data/aggregation/ub-ffm/msma/urn:nbn:de:hebis:30:2-45101
http://data.dm2e.eu/data/aggregation/ub-ffm/msma/urn:nbn:de:hebis:30:2-18646
http://data.dm2e.eu/data/aggregation/ub-ffm/msma/urn:nbn:de:hebis:30:2-17144
http://data.dm2e.eu/data/aggregation/ub-ffm/msma/urn:nbn:de:hebis:30:2-47573
http://data.dm2e.eu/data/aggregation/ub-ffm/msma/urn:nbn:de:hebis:30:2-44902
http://data.dm2e.eu/data/aggregation/ub-ffm/msma/urn:nbn:de:hebis:30:2-14715
http://data.dm2e.eu/data/aggregation/ub-ffm/msma/urn:nbn:de:hebis:30:2-16476
http://data.dm2e.eu/data/aggregation/ub-ffm/msma/urn:nbn:de:hebis:30:2-14730
http://data.dm2e.eu/data/aggregation/ub-ffm/msma/urn:nbn:de:hebis:30:2-12804
http://data.dm2e.eu/data/aggregation/ub-ffm/msma/urn:nbn:de:hebis:30:2-17192
http://data.dm2e.eu/data/aggregation/ub-ffm/msma/urn:nbn:de:hebis:30:2-12966
http://data.dm2e.eu/data/aggregation/ub-ffm/msma/urn:nbn:de:hebis:30:2-12475
http://data.dm2e.eu/data/aggregation/ub-ffm/msma/urn:nbn:de:hebis:30:2-18238
http://data.dm2e.eu/data/aggregation/ub-ffm/msma/urn:nbn:de:hebis:30:2-46386
http://data.dm2e.eu/data/aggregation/ub-ffm/msma/urn:nbn:de:hebis:30:2-16988
http://data.dm2e.eu/data/aggregation/ub-ffm/msma/urn:nbn:de:hebis:30:2-12455
http://data.dm2e.eu/data/aggregation/ub-ffm/msma/urn:nbn:de:hebis:30:2-18761
http://data.dm2e.eu/data/aggregation/ub-ffm/msma/urn:nbn:de:hebis:30:2-13248
http://data.dm2e.eu/data/aggregation/ub-ffm/msma/urn:nbn:de:hebis:30:2-46250
http://data.dm2e.eu/data/aggregation/ub-ffm/msma/urn:nbn:de:hebis:30:2-44539
http://data.dm2e.eu/data/aggregation/ub-ffm/msma/urn:nbn:de:hebis:30:2-44832
http://data.dm2e.eu/data/aggregation/ub-ffm/msma/urn:nbn:de:hebis:30:2-13375
http://data.dm2e.eu/data/aggregation/ub-ffm/msma/urn:nbn:de:hebis:30:2-14225
http://data.dm2e.eu/data/aggregation/ub-ffm/msma/urn:nbn:de:hebis:30:2-17123
http://data.dm2e.eu/data/aggregation/ub-ffm/msma/urn:nbn:de:hebis:30:2-18568
http://data.dm2e.eu/data/aggregation/ub-ffm/msma/urn:nbn:de:hebis:30:2-12583
http://data.dm2e.eu/data/aggregation/ub-ffm/msma/urn:nbn:de:hebis:30:2-45205
http://data.dm2e.eu/data/aggregation/ub-ffm/msma/urn:nbn:de:hebis:30:2-45732
http://data.dm2e.eu/data/aggregation/ub-ffm/msma/urn:nbn:de:hebis:30:2-43469
http://data.dm2e.eu/data/aggregation/ub-ffm/msma/urn:nbn:de:hebis:30:2-45221
http://data.dm2e.eu/data/aggregation/ub-ffm/msma/urn:nbn:de:hebis:30:2-15135
http://data.dm2e.eu/data/aggregation/ub-ffm/msma/urn:nbn:de:hebis:30:2-45087
http://data.dm2e.eu/data/aggregation/ub-ffm/msma/urn:nbn:de:hebis:30:2-12435
http://data.dm2e.eu/data/aggregation/ub-ffm/msma/urn:nbn:de:hebis:30:2-15324
http://data.dm2e.eu/data/aggregation/ub-ffm/msma/urn:nbn:de:hebis:30:2-16034
http://data.dm2e.eu/data/aggregation/ub-ffm/msma/urn:nbn:de:hebis:30:2-13214
http://data.dm2e.eu/data/aggregation/ub-ffm/msma/urn:nbn:de:hebis:30:2-18517
http://data.dm2e.eu/data/aggregation/ub-ffm/msma/urn:nbn:de:hebis:30:2-13596
http://data.dm2e.eu/data/aggregation/ub-ffm/msma/urn:nbn:de:hebis:30:2-13269
http://data.dm2e.eu/data/aggregation/ub-ffm/msma/urn:nbn:de:hebis:30:2-17136
http://data.dm2e.eu/data/aggregation/ub-ffm/msma/urn:nbn:de:hebis:30:2-17098
http://data.dm2e.eu/data/aggregation/ub-ffm/msma/urn:nbn:de:hebis:30:2-14476
http://data.dm2e.eu/data/aggregation/ub-ffm/msma/urn:nbn:de:hebis:30:2-17403
http://data.dm2e.eu/data/aggregation/ub-ffm/msma/urn:nbn:de:hebis:30:2-43832
http://data.dm2e.eu/data/aggregation/ub-ffm/msma/urn:nbn:de:hebis:30:2-44746
http://data.dm2e.eu/data/aggregation/ub-ffm/msma/urn:nbn:de:hebis:30:2-11603
http://data.dm2e.eu/data/aggregation/ub-ffm/msma/urn:nbn:de:hebis:30:2-14543
http://data.dm2e.eu/data/aggregation/ub-ffm/msma/urn:nbn:de:hebis:30:2-43540
http://data.dm2e.eu/data/aggregation/ub-ffm/msma/urn:nbn:de:hebis:30:2-12166
http://data.dm2e.eu/data/aggregation/ub-ffm/msma/urn:nbn:de:hebis:30:2-14800
http://data.dm2e.eu/data/aggregation/ub-ffm/msma/urn:nbn:de:hebis:30:2-14571
http://data.dm2e.eu/data/aggregation/ub-ffm/msma/urn:nbn:de:hebis:30:2-15048
http://data.dm2e.eu/data/aggregation/ub-ffm/msma/urn:nbn:de:hebis:30:2-12956
http://data.dm2e.eu/data/aggregation/ub-ffm/msma/urn:nbn:de:hebis:30:2-17952
http://data.dm2e.eu/data/aggregation/ub-ffm/msma/urn:nbn:de:hebis:30:2-14235
http://data.dm2e.eu/data/aggregation/ub-ffm/msma/urn:nbn:de:hebis:30:2-17705
http://data.dm2e.eu/data/aggregation/ub-ffm/msma/urn:nbn:de:hebis:30:2-44482
http://data.dm2e.eu/data/aggregation/ub-ffm/msma/urn:nbn:de:hebis:30:2-17070
http://data.dm2e.eu/data/aggregation/ub-ffm/msma/urn:nbn:de:hebis:30:2-11707
http://data.dm2e.eu/data/aggregation/ub-ffm/msma/urn:nbn:de:hebis:30:2-15542
http://data.dm2e.eu/data/aggregation/ub-ffm/msma/urn:nbn:de:hebis:30:2-18733
http://data.dm2e.eu/data/aggregation/ub-ffm/msma/urn:nbn:de:hebis:30:2-13962
http://data.dm2e.eu/data/aggregation/ub-ffm/msma/urn:nbn:de:hebis:30:2-15209
http://data.dm2e.eu/data/aggregation/ub-ffm/msma/urn:nbn:de:hebis:30:2-12110
http://data.dm2e.eu/data/aggregation/ub-ffm/msma/urn:nbn:de:hebis:30:2-45725
http://data.dm2e.eu/data/aggregation/ub-ffm/msma/urn:nbn:de:hebis:30:2-47996
http://data.dm2e.eu/data/aggregation/ub-ffm/msma/urn:nbn:de:hebis:30:2-14488
http://data.dm2e.eu/data/aggregation/ub-ffm/msma/urn:nbn:de:hebis:30:2-12948
http://data.dm2e.eu/data/aggregation/ub-ffm/msma/urn:nbn:de:hebis:30:2-45016
http://data.dm2e.eu/data/aggregation/ub-ffm/msma/urn:nbn:de:hebis:30:2-47486
http://data.dm2e.eu/data/aggregation/ub-ffm/msma/urn:nbn:de:hebis:30:2-39633
http://data.dm2e.eu/data/aggregation/ub-ffm/msma/urn:nbn:de:hebis:30:2-15068
http://data.dm2e.eu/data/aggregation/ub-ffm/msma/urn:nbn:de:hebis:30:2-14906
http://data.dm2e.eu/data/aggregation/ub-ffm/msma/urn:nbn:de:hebis:30:2-11864
http://data.dm2e.eu/data/aggregation/ub-ffm/msma/urn:nbn:de:hebis:30:2-13461
http://data.dm2e.eu/data/aggregation/ub-ffm/msma/urn:nbn:de:hebis:30:2-44412
http://data.dm2e.eu/data/aggregation/ub-ffm/msma/urn:nbn:de:hebis:30:2-46055
http://data.dm2e.eu/data/aggregation/ub-ffm/msma/urn:nbn:de:hebis:30:2-12854
http://data.dm2e.eu/data/aggregation/ub-ffm/msma/urn:nbn:de:hebis:30:2-17601
http://data.dm2e.eu/data/aggregation/ub-ffm/msma/urn:nbn:de:hebis:30:2-15020
http://data.dm2e.eu/data/aggregation/ub-ffm/msma/urn:nbn:de:hebis:30:2-13807
http://data.dm2e.eu/data/aggregation/ub-ffm/msma/urn:nbn:de:hebis:30:2-43551
http://data.dm2e.eu/data/aggregation/ub-ffm/msma/urn:nbn:de:hebis:30:2-16064
http://data.dm2e.eu/data/aggregation/ub-ffm/msma/urn:nbn:de:hebis:30:2-46564
http://data.dm2e.eu/data/aggregation/ub-ffm/msma/urn:nbn:de:hebis:30:2-44914
http://data.dm2e.eu/data/aggregation/ub-ffm/msma/urn:nbn:de:hebis:30:2-17682
http://data.dm2e.eu/data/aggregation/ub-ffm/msma/urn:nbn:de:hebis:30:2-13788
http://data.dm2e.eu/data/aggregation/ub-ffm/msma/urn:nbn:de:hebis:30:2-43803
http://data.dm2e.eu/data/aggregation/ub-ffm/msma/urn:nbn:de:hebis:30:2-45075
http://data.dm2e.eu/data/aggregation/ub-ffm/msma/urn:nbn:de:hebis:30:2-46339
http://data.dm2e.eu/data/aggregation/ub-ffm/msma/urn:nbn:de:hebis:30:2-11661
http://data.dm2e.eu/data/aggregation/ub-ffm/msma/urn:nbn:de:hebis:30:2-12888
http://data.dm2e.eu/data/aggregation/ub-ffm/msma/urn:nbn:de:hebis:30:2-18548
http://data.dm2e.eu/data/aggregation/ub-ffm/msma/urn:nbn:de:hebis:30:2-43582
http://data.dm2e.eu/data/aggregation/ub-ffm/msma/urn:nbn:de:hebis:30:2-14352
http://data.dm2e.eu/data/aggregation/ub-ffm/msma/urn:nbn:de:hebis:30:2-45338
http://data.dm2e.eu/data/aggregation/ub-ffm/msma/urn:nbn:de:hebis:30:2-16793
http://data.dm2e.eu/data/aggregation/ub-ffm/msma/urn:nbn:de:hebis:30:2-16566
http://data.dm2e.eu/data/aggregation/ub-ffm/msma/urn:nbn:de:hebis:30:2-15778
http://data.dm2e.eu/data/aggregation/ub-ffm/msma/urn:nbn:de:hebis:30:2-43677
http://data.dm2e.eu/data/aggregation/ub-ffm/msma/urn:nbn:de:hebis:30:2-13418
http://data.dm2e.eu/data/aggregation/ub-ffm/msma/urn:nbn:de:hebis:30:2-11844
http://data.dm2e.eu/data/aggregation/ub-ffm/msma/urn:nbn:de:hebis:30:2-14602
http://data.dm2e.eu/data/aggregation/ub-ffm/msma/urn:nbn:de:hebis:30:2-44616
http://data.dm2e.eu/data/aggregation/ub-ffm/msma/urn:nbn:de:hebis:30:2-16756
http://data.dm2e.eu/data/aggregation/ub-ffm/msma/urn:nbn:de:hebis:30:2-44400
http://data.dm2e.eu/data/aggregation/ub-ffm/msma/urn:nbn:de:hebis:30:2-46026
http://data.dm2e.eu/data/aggregation/ub-ffm/msma/urn:nbn:de:hebis:30:2-12676
http://data.dm2e.eu/data/aggregation/ub-ffm/msma/urn:nbn:de:hebis:30:2-44941
http://data.dm2e.eu/data/aggregation/ub-ffm/msma/urn:nbn:de:hebis:30:2-14859
http://data.dm2e.eu/data/aggregation/ub-ffm/msma/urn:nbn:de:hebis:30:2-17045
http://data.dm2e.eu/data/aggregation/ub-ffm/msma/urn:nbn:de:hebis:30:2-47452
http://data.dm2e.eu/data/aggregation/ub-ffm/msma/urn:nbn:de:hebis:30:2-12426
http://data.dm2e.eu/data/aggregation/ub-ffm/msma/urn:nbn:de:hebis:30:2-45745
http://data.dm2e.eu/data/aggregation/ub-ffm/msma/urn:nbn:de:hebis:30:2-15411
http://data.dm2e.eu/data/aggregation/ub-ffm/msma/urn:nbn:de:hebis:30:2-14772
http://data.dm2e.eu/data/aggregation/ub-ffm/msma/urn:nbn:de:hebis:30:2-16687
http://data.dm2e.eu/data/aggregation/ub-ffm/msma/urn:nbn:de:hebis:30:2-13492
http://data.dm2e.eu/data/aggregation/ub-ffm/msma/urn:nbn:de:hebis:30:2-14391
http://data.dm2e.eu/data/aggregation/ub-ffm/msma/urn:nbn:de:hebis:30:2-47490
http://data.dm2e.eu/data/aggregation/ub-ffm/msma/urn:nbn:de:hebis:30:2-18531
http://data.dm2e.eu/data/aggregation/ub-ffm/msma/urn:nbn:de:hebis:30:2-44465
http://data.dm2e.eu/data/aggregation/ub-ffm/msma/urn:nbn:de:hebis:30:2-18036
http://data.dm2e.eu/data/aggregation/ub-ffm/msma/urn:nbn:de:hebis:30:2-11839
http://data.dm2e.eu/data/aggregation/ub-ffm/msma/urn:nbn:de:hebis:30:2-14797
http://data.dm2e.eu/data/aggregation/ub-ffm/msma/urn:nbn:de:hebis:30:2-46357
http://data.dm2e.eu/data/aggregation/ub-ffm/msma/urn:nbn:de:hebis:30:2-17205
http://data.dm2e.eu/data/aggregation/ub-ffm/msma/urn:nbn:de:hebis:30:2-43527
http://data.dm2e.eu/data/aggregation/ub-ffm/msma/urn:nbn:de:hebis:30:2-15175
http://data.dm2e.eu/data/aggregation/ub-ffm/msma/urn:nbn:de:hebis:30:2-13398
http://data.dm2e.eu/data/aggregation/ub-ffm/msma/urn:nbn:de:hebis:30:2-12093
http://data.dm2e.eu/data/aggregation/ub-ffm/msma/urn:nbn:de:hebis:30:2-13921
http://data.dm2e.eu/data/aggregation/ub-ffm/msma/urn:nbn:de:hebis:30:2-16608
http://data.dm2e.eu/data/aggregation/ub-ffm/msma/urn:nbn:de:hebis:30:2-14026
http://data.dm2e.eu/data/aggregation/ub-ffm/msma/urn:nbn:de:hebis:30:2-12606
http://data.dm2e.eu/data/aggregation/ub-ffm/msma/urn:nbn:de:hebis:30:2-44227
http://data.dm2e.eu/data/aggregation/ub-ffm/msma/urn:nbn:de:hebis:30:2-12791
http://data.dm2e.eu/data/aggregation/ub-ffm/msma/urn:nbn:de:hebis:30:2-14297
http://data.dm2e.eu/data/aggregation/ub-ffm/msma/urn:nbn:de:hebis:30:2-12783
http://data.dm2e.eu/data/aggregation/ub-ffm/msma/urn:nbn:de:hebis:30:2-47594
http://data.dm2e.eu/data/aggregation/ub-ffm/msma/urn:nbn:de:hebis:30:2-16074
http://data.dm2e.eu/data/aggregation/ub-ffm/msma/urn:nbn:de:hebis:30:2-17414
http://data.dm2e.eu/data/aggregation/ub-ffm/msma/urn:nbn:de:hebis:30:2-16218
http://data.dm2e.eu/data/aggregation/ub-ffm/msma/urn:nbn:de:hebis:30:2-45192
http://data.dm2e.eu/data/aggregation/ub-ffm/msma/urn:nbn:de:hebis:30:2-14404
http://data.dm2e.eu/data/aggregation/ub-ffm/msma/urn:nbn:de:hebis:30:2-17941
http://data.dm2e.eu/data/aggregation/ub-ffm/msma/urn:nbn:de:hebis:30:2-16460
http://data.dm2e.eu/data/aggregation/ub-ffm/msma/urn:nbn:de:hebis:30:2-12488
http://data.dm2e.eu/data/aggregation/ub-ffm/msma/urn:nbn:de:hebis:30:2-44930
http://data.dm2e.eu/data/aggregation/ub-ffm/msma/urn:nbn:de:hebis:30:2-13947
http://data.dm2e.eu/data/aggregation/ub-ffm/msma/urn:nbn:de:hebis:30:2-15196
http://data.dm2e.eu/data/aggregation/ub-ffm/msma/urn:nbn:de:hebis:30:2-16853
http://data.dm2e.eu/data/aggregation/ub-ffm/msma/urn:nbn:de:hebis:30:2-14049
http://data.dm2e.eu/data/aggregation/ub-ffm/msma/urn:nbn:de:hebis:30:2-11892
http://data.dm2e.eu/data/aggregation/ub-ffm/msma/urn:nbn:de:hebis:30:2-44881
http://data.dm2e.eu/data/aggregation/ub-ffm/msma/urn:nbn:de:hebis:30:2-39610
http://data.dm2e.eu/data/aggregation/ub-ffm/msma/urn:nbn:de:hebis:30:2-12610
http://data.dm2e.eu/data/aggregation/ub-ffm/msma/urn:nbn:de:hebis:30:2-14862
http://data.dm2e.eu/data/aggregation/ub-ffm/msma/urn:nbn:de:hebis:30:2-15759
http://data.dm2e.eu/data/aggregation/ub-ffm/msma/urn:nbn:de:hebis:30:2-18582
http://data.dm2e.eu/data/aggregation/ub-ffm/msma/urn:nbn:de:hebis:30:2-14688
http://data.dm2e.eu/data/aggregation/ub-ffm/msma/urn:nbn:de:hebis:30:2-44786
http://data.dm2e.eu/data/aggregation/ub-ffm/msma/urn:nbn:de:hebis:30:2-16997
http://data.dm2e.eu/data/aggregation/ub-ffm/msma/urn:nbn:de:hebis:30:2-44718
http://data.dm2e.eu/data/aggregation/ub-ffm/msma/urn:nbn:de:hebis:30:2-17118
http://data.dm2e.eu/data/aggregation/ub-ffm/msma/urn:nbn:de:hebis:30:2-11565
http://data.dm2e.eu/data/aggregation/ub-ffm/msma/urn:nbn:de:hebis:30:2-39595
http://data.dm2e.eu/data/aggregation/ub-ffm/msma/urn:nbn:de:hebis:30:2-13150
http://data.dm2e.eu/data/aggregation/ub-ffm/msma/urn:nbn:de:hebis:30:2-15723
http://data.dm2e.eu/data/aggregation/ub-ffm/msma/urn:nbn:de:hebis:30:2-15303
http://data.dm2e.eu/data/aggregation/ub-ffm/msma/urn:nbn:de:hebis:30:2-47841
http://data.dm2e.eu/data/aggregation/ub-ffm/msma/urn:nbn:de:hebis:30:2-43630
http://data.dm2e.eu/data/aggregation/ub-ffm/msma/urn:nbn:de:hebis:30:2-11683
http://data.dm2e.eu/data/aggregation/ub-ffm/msma/urn:nbn:de:hebis:30:2-14275
http://data.dm2e.eu/data/aggregation/ub-ffm/msma/urn:nbn:de:hebis:30:2-43453
http://data.dm2e.eu/data/aggregation/ub-ffm/msma/urn:nbn:de:hebis:30:2-44438
http://data.dm2e.eu/data/aggregation/ub-ffm/msma/urn:nbn:de:hebis:30:2-46208
http://data.dm2e.eu/data/aggregation/ub-ffm/msma/urn:nbn:de:hebis:30:2-11711
http://data.dm2e.eu/data/aggregation/ub-ffm/msma/urn:nbn:de:hebis:30:2-45170
http://data.dm2e.eu/data/aggregation/ub-ffm/msma/urn:nbn:de:hebis:30:2-13436
http://data.dm2e.eu/data/aggregation/ub-ffm/msma/urn:nbn:de:hebis:30:2-43853
http://data.dm2e.eu/data/aggregation/ub-ffm/msma/urn:nbn:de:hebis:30:2-44973
http://data.dm2e.eu/data/aggregation/ub-ffm/msma/urn:nbn:de:hebis:30:2-13446
http://data.dm2e.eu/data/aggregation/ub-ffm/msma/urn:nbn:de:hebis:30:2-15057
http://data.dm2e.eu/data/aggregation/ub-ffm/msma/urn:nbn:de:hebis:30:2-45118
http://data.dm2e.eu/data/aggregation/ub-ffm/msma/urn:nbn:de:hebis:30:2-43539
http://data.dm2e.eu/data/aggregation/ub-ffm/msma/urn:nbn:de:hebis:30:2-13937
http://data.dm2e.eu/data/aggregation/ub-ffm/msma/urn:nbn:de:hebis:30:2-43864
http://data.dm2e.eu/data/aggregation/ub-ffm/msma/urn:nbn:de:hebis:30:2-16504
http://data.dm2e.eu/data/aggregation/ub-ffm/msma/urn:nbn:de:hebis:30:2-18208
http://data.dm2e.eu/data/aggregation/ub-ffm/msma/urn:nbn:de:hebis:30:2-15984
http://data.dm2e.eu/data/aggregation/ub-ffm/msma/urn:nbn:de:hebis:30:2-16088
http://data.dm2e.eu/data/aggregation/ub-ffm/msma/urn:nbn:de:hebis:30:2-39650
http://data.dm2e.eu/data/aggregation/ub-ffm/msma/urn:nbn:de:hebis:30:2-11916
http://data.dm2e.eu/data/aggregation/ub-ffm/msma/urn:nbn:de:hebis:30:2-15749
http://data.dm2e.eu/data/aggregation/ub-ffm/msma/urn:nbn:de:hebis:30:2-11857
http://data.dm2e.eu/data/aggregation/ub-ffm/msma/urn:nbn:de:hebis:30:2-15083
http://data.dm2e.eu/data/aggregation/ub-ffm/msma/urn:nbn:de:hebis:30:2-44341
http://data.dm2e.eu/data/aggregation/ub-ffm/msma/urn:nbn:de:hebis:30:2-43894
http://data.dm2e.eu/data/aggregation/ub-ffm/msma/urn:nbn:de:hebis:30:2-43501
http://data.dm2e.eu/data/aggregation/ub-ffm/msma/urn:nbn:de:hebis:30:2-46082
http://data.dm2e.eu/data/aggregation/ub-ffm/msma/urn:nbn:de:hebis:30:2-45241
http://data.dm2e.eu/data/aggregation/ub-ffm/msma/urn:nbn:de:hebis:30:2-13190
http://data.dm2e.eu/data/aggregation/ub-ffm/msma/urn:nbn:de:hebis:30:2-17228
http://data.dm2e.eu/data/aggregation/ub-ffm/msma/urn:nbn:de:hebis:30:2-39542
http://data.dm2e.eu/data/aggregation/ub-ffm/msma/urn:nbn:de:hebis:30:2-16004
http://data.dm2e.eu/data/aggregation/ub-ffm/msma/urn:nbn:de:hebis:30:2-13388
http://data.dm2e.eu/data/aggregation/ub-ffm/msma/urn:nbn:de:hebis:30:2-13021
http://data.dm2e.eu/data/aggregation/ub-ffm/msma/urn:nbn:de:hebis:30:2-15001
http://data.dm2e.eu/data/aggregation/ub-ffm/msma/urn:nbn:de:hebis:30:2-18119
http://data.dm2e.eu/data/aggregation/ub-ffm/msma/urn:nbn:de:hebis:30:2-44672
http://data.dm2e.eu/data/aggregation/ub-ffm/msma/urn:nbn:de:hebis:30:2-17052
http://data.dm2e.eu/data/aggregation/ub-ffm/msma/urn:nbn:de:hebis:30:2-14008
http://data.dm2e.eu/data/aggregation/ub-ffm/msma/urn:nbn:de:hebis:30:2-11813
http://data.dm2e.eu/data/aggregation/ub-ffm/msma/urn:nbn:de:hebis:30:2-44793
http://data.dm2e.eu/data/aggregation/ub-ffm/msma/urn:nbn:de:hebis:30:2-47396
http://data.dm2e.eu/data/aggregation/ub-ffm/msma/urn:nbn:de:hebis:30:2-18313
http://data.dm2e.eu/data/aggregation/ub-ffm/msma/urn:nbn:de:hebis:30:2-47544
http://data.dm2e.eu/data/aggregation/ub-ffm/msma/urn:nbn:de:hebis:30:2-43696
http://data.dm2e.eu/data/aggregation/ub-ffm/msma/urn:nbn:de:hebis:30:2-15344
http://data.dm2e.eu/data/aggregation/ub-ffm/msma/urn:nbn:de:hebis:30:2-14511
http://data.dm2e.eu/data/aggregation/ub-ffm/msma/urn:nbn:de:hebis:30:2-11798
http://data.dm2e.eu/data/aggregation/ub-ffm/msma/urn:nbn:de:hebis:30:2-13829
http://data.dm2e.eu/data/aggregation/ub-ffm/msma/urn:nbn:de:hebis:30:2-16412
http://data.dm2e.eu/data/aggregation/ub-ffm/msma/urn:nbn:de:hebis:30:2-18711
http://data.dm2e.eu/data/aggregation/ub-ffm/msma/urn:nbn:de:hebis:30:2-11621
http://data.dm2e.eu/data/aggregation/ub-ffm/msma/urn:nbn:de:hebis:30:2-12860
http://data.dm2e.eu/data/aggregation/ub-ffm/msma/urn:nbn:de:hebis:30:2-12561
http://data.dm2e.eu/data/aggregation/ub-ffm/msma/urn:nbn:de:hebis:30:2-11526
http://data.dm2e.eu/data/aggregation/ub-ffm/msma/urn:nbn:de:hebis:30:2-15587
http://data.dm2e.eu/data/aggregation/ub-ffm/msma/urn:nbn:de:hebis:30:2-16677
http://data.dm2e.eu/data/aggregation/ub-ffm/msma/urn:nbn:de:hebis:30:2-16046
http://data.dm2e.eu/data/aggregation/ub-ffm/msma/urn:nbn:de:hebis:30:2-13325
http://data.dm2e.eu/data/aggregation/ub-ffm/msma/urn:nbn:de:hebis:30:2-13483
http://data.dm2e.eu/data/aggregation/ub-ffm/msma/urn:nbn:de:hebis:30:2-14495
http://data.dm2e.eu/data/aggregation/ub-ffm/msma/urn:nbn:de:hebis:30:2-11820
http://data.dm2e.eu/data/aggregation/ub-ffm/msma/urn:nbn:de:hebis:30:2-14120
http://data.dm2e.eu/data/aggregation/ub-ffm/msma/urn:nbn:de:hebis:30:2-15155
http://data.dm2e.eu/data/aggregation/ub-ffm/msma/urn:nbn:de:hebis:30:2-39641
http://data.dm2e.eu/data/aggregation/ub-ffm/msma/urn:nbn:de:hebis:30:2-45210
http://data.dm2e.eu/data/aggregation/ub-ffm/msma/urn:nbn:de:hebis:30:2-15994
http://data.dm2e.eu/data/aggregation/ub-ffm/msma/urn:nbn:de:hebis:30:2-13005
http://data.dm2e.eu/data/aggregation/ub-ffm/msma/urn:nbn:de:hebis:30:2-14654
http://data.dm2e.eu/data/aggregation/ub-ffm/msma/urn:nbn:de:hebis:30:2-17387
http://data.dm2e.eu/data/aggregation/ub-ffm/msma/urn:nbn:de:hebis:30:2-44135
http://data.dm2e.eu/data/aggregation/ub-ffm/msma/urn:nbn:de:hebis:30:2-46119
http://data.dm2e.eu/data/aggregation/ub-ffm/msma/urn:nbn:de:hebis:30:2-46195
http://data.dm2e.eu/data/aggregation/ub-ffm/msma/urn:nbn:de:hebis:30:2-14557
http://data.dm2e.eu/data/aggregation/ub-ffm/msma/urn:nbn:de:hebis:30:2-16528
http://data.dm2e.eu/data/aggregation/ub-ffm/msma/urn:nbn:de:hebis:30:2-14419
http://data.dm2e.eu/data/aggregation/ub-ffm/msma/urn:nbn:de:hebis:30:2-16183
http://data.dm2e.eu/data/aggregation/ub-ffm/msma/urn:nbn:de:hebis:30:2-46447
http://data.dm2e.eu/data/aggregation/ub-ffm/msma/urn:nbn:de:hebis:30:2-12536
http://data.dm2e.eu/data/aggregation/ub-ffm/msma/urn:nbn:de:hebis:30:2-44806
http://data.dm2e.eu/data/aggregation/ub-ffm/msma/urn:nbn:de:hebis:30:2-43709
http://data.dm2e.eu/data/aggregation/ub-ffm/msma/urn:nbn:de:hebis:30:2-17175
http://data.dm2e.eu/data/aggregation/ub-ffm/msma/urn:nbn:de:hebis:30:2-12814
http://data.dm2e.eu/data/aggregation/ub-ffm/msma/urn:nbn:de:hebis:30:2-13505
http://data.dm2e.eu/data/aggregation/ub-ffm/msma/urn:nbn:de:hebis:30:2-15762
http://data.dm2e.eu/data/aggregation/ub-ffm/msma/urn:nbn:de:hebis:30:2-15882
http://data.dm2e.eu/data/aggregation/ub-ffm/msma/urn:nbn:de:hebis:30:2-44668
http://data.dm2e.eu/data/aggregation/ub-ffm/msma/urn:nbn:de:hebis:30:2-13760
http://data.dm2e.eu/data/aggregation/ub-ffm/msma/urn:nbn:de:hebis:30:2-14157
http://data.dm2e.eu/data/aggregation/ub-ffm/msma/urn:nbn:de:hebis:30:2-11588
http://data.dm2e.eu/data/aggregation/ub-ffm/msma/urn:nbn:de:hebis:30:2-17472
http://data.dm2e.eu/data/aggregation/ub-ffm/msma/urn:nbn:de:hebis:30:2-12877
http://data.dm2e.eu/data/aggregation/ub-ffm/msma/urn:nbn:de:hebis:30:2-18137
http://data.dm2e.eu/data/aggregation/ub-ffm/msma/urn:nbn:de:hebis:30:2-15290
http://data.dm2e.eu/data/aggregation/ub-ffm/msma/urn:nbn:de:hebis:30:2-14660
http://data.dm2e.eu/data/aggregation/ub-ffm/msma/urn:nbn:de:hebis:30:2-13221
http://data.dm2e.eu/data/aggregation/ub-ffm/msma/urn:nbn:de:hebis:30:2-12995
http://data.dm2e.eu/data/aggregation/ub-ffm/msma/urn:nbn:de:hebis:30:2-12668
http://data.dm2e.eu/data/aggregation/ub-ffm/msma/urn:nbn:de:hebis:30:2-16782
http://data.dm2e.eu/data/aggregation/ub-ffm/msma/urn:nbn:de:hebis:30:2-18017
http://data.dm2e.eu/data/aggregation/ub-ffm/msma/urn:nbn:de:hebis:30:2-44369
http://data.dm2e.eu/data/aggregation/ub-ffm/msma/urn:nbn:de:hebis:30:2-14642
http://data.dm2e.eu/data/aggregation/ub-ffm/msma/urn:nbn:de:hebis:30:2-44810
http://data.dm2e.eu/data/aggregation/ub-ffm/msma/urn:nbn:de:hebis:30:2-17668
http://data.dm2e.eu/data/aggregation/ub-ffm/msma/urn:nbn:de:hebis:30:2-12839
http://data.dm2e.eu/data/aggregation/ub-ffm/msma/urn:nbn:de:hebis:30:2-46393
http://data.dm2e.eu/data/aggregation/ub-ffm/msma/urn:nbn:de:hebis:30:2-13754
http://data.dm2e.eu/data/aggregation/ub-ffm/msma/urn:nbn:de:hebis:30:2-14383
http://data.dm2e.eu/data/aggregation/ub-ffm/msma/urn:nbn:de:hebis:30:2-13830
http://data.dm2e.eu/data/aggregation/ub-ffm/msma/urn:nbn:de:hebis:30:2-13355
http://data.dm2e.eu/data/aggregation/ub-ffm/msma/urn:nbn:de:hebis:30:2-47524
http://data.dm2e.eu/data/aggregation/ub-ffm/msma/urn:nbn:de:hebis:30:2-43773
http://data.dm2e.eu/data/aggregation/ub-ffm/msma/urn:nbn:de:hebis:30:2-44647
http://data.dm2e.eu/data/aggregation/ub-ffm/msma/urn:nbn:de:hebis:30:2-18195
http://data.dm2e.eu/data/aggregation/ub-ffm/msma/urn:nbn:de:hebis:30:2-17323
http://data.dm2e.eu/data/aggregation/ub-ffm/msma/urn:nbn:de:hebis:30:2-12027
http://data.dm2e.eu/data/aggregation/ub-ffm/msma/urn:nbn:de:hebis:30:2-47409
http://data.dm2e.eu/data/aggregation/ub-ffm/msma/urn:nbn:de:hebis:30:2-16748
http://data.dm2e.eu/data/aggregation/ub-ffm/msma/urn:nbn:de:hebis:30:2-17187
http://data.dm2e.eu/data/aggregation/ub-ffm/msma/urn:nbn:de:hebis:30:2-45750
http://data.dm2e.eu/data/aggregation/ub-ffm/msma/urn:nbn:de:hebis:30:2-16768
http://data.dm2e.eu/data/aggregation/ub-ffm/msma/urn:nbn:de:hebis:30:2-12552
http://data.dm2e.eu/data/aggregation/ub-ffm/msma/urn:nbn:de:hebis:30:2-12650
http://data.dm2e.eu/data/aggregation/ub-ffm/msma/urn:nbn:de:hebis:30:2-12625
http://data.dm2e.eu/data/aggregation/ub-ffm/msma/urn:nbn:de:hebis:30:2-12976
http://data.dm2e.eu/data/aggregation/ub-ffm/msma/urn:nbn:de:hebis:30:2-15013
http://data.dm2e.eu/data/aggregation/ub-ffm/msma/urn:nbn:de:hebis:30:2-44293
http://data.dm2e.eu/data/aggregation/ub-ffm/msma/urn:nbn:de:hebis:30:2-13609
http://data.dm2e.eu/data/aggregation/ub-ffm/msma/urn:nbn:de:hebis:30:2-12465
http://data.dm2e.eu/data/aggregation/ub-ffm/msma/urn:nbn:de:hebis:30:2-13537
http://data.dm2e.eu/data/aggregation/ub-ffm/msma/urn:nbn:de:hebis:30:2-14074
http://data.dm2e.eu/data/aggregation/ub-ffm/msma/urn:nbn:de:hebis:30:2-15283
http://data.dm2e.eu/data/aggregation/ub-ffm/msma/urn:nbn:de:hebis:30:2-44471
http://data.dm2e.eu/data/aggregation/ub-ffm/msma/urn:nbn:de:hebis:30:2-45326
http://data.dm2e.eu/data/aggregation/ub-ffm/msma/urn:nbn:de:hebis:30:2-14840
http://data.dm2e.eu/data/aggregation/ub-ffm/msma/urn:nbn:de:hebis:30:2-44608
http://data.dm2e.eu/data/aggregation/ub-ffm/msma/urn:nbn:de:hebis:30:2-14113
http://data.dm2e.eu/data/aggregation/ub-ffm/msma/urn:nbn:de:hebis:30:2-43731
http://data.dm2e.eu/data/aggregation/ub-ffm/msma/urn:nbn:de:hebis:30:2-11776
http://data.dm2e.eu/data/aggregation/ub-ffm/msma/urn:nbn:de:hebis:30:2-17778
http://data.dm2e.eu/data/aggregation/ub-ffm/msma/urn:nbn:de:hebis:30:2-17451
http://data.dm2e.eu/data/aggregation/ub-ffm/msma/urn:nbn:de:hebis:30:2-15105
http://data.dm2e.eu/data/aggregation/ub-ffm/msma/urn:nbn:de:hebis:30:2-14741
http://data.dm2e.eu/data/aggregation/ub-ffm/msma/urn:nbn:de:hebis:30:2-46348
http://data.dm2e.eu/data/aggregation/ub-ffm/msma/urn:nbn:de:hebis:30:2-16865
http://data.dm2e.eu/data/aggregation/ub-ffm/msma/urn:nbn:de:hebis:30:2-18500
http://data.dm2e.eu/data/aggregation/ub-ffm/msma/urn:nbn:de:hebis:30:2-13203
http://data.dm2e.eu/data/aggregation/ub-ffm/msma/urn:nbn:de:hebis:30:2-44752
http://data.dm2e.eu/data/aggregation/ub-ffm/msma/urn:nbn:de:hebis:30:2-14613
http://data.dm2e.eu/data/aggregation/ub-ffm/msma/urn:nbn:de:hebis:30:2-16773
http://data.dm2e.eu/data/aggregation/ub-ffm/msma/urn:nbn:de:hebis:30:2-13525
http://data.dm2e.eu/data/aggregation/ub-ffm/msma/urn:nbn:de:hebis:30:2-47519
http://data.dm2e.eu/data/aggregation/ub-ffm/msma/urn:nbn:de:hebis:30:2-16955
http://data.dm2e.eu/data/aggregation/ub-ffm/msma/urn:nbn:de:hebis:30:2-12546
http://data.dm2e.eu/data/aggregation/ub-ffm/msma/urn:nbn:de:hebis:30:2-44175
http://data.dm2e.eu/data/aggregation/ub-ffm/msma/urn:nbn:de:hebis:30:2-47581
http://data.dm2e.eu/data/aggregation/ub-ffm/msma/urn:nbn:de:hebis:30:2-47445
http://data.dm2e.eu/data/aggregation/ub-ffm/msma/urn:nbn:de:hebis:30:2-47851
http://data.dm2e.eu/data/aggregation/ub-ffm/msma/urn:nbn:de:hebis:30:2-14255
http://data.dm2e.eu/data/aggregation/ub-ffm/msma/urn:nbn:de:hebis:30:2-14891
http://data.dm2e.eu/data/aggregation/ub-ffm/msma/urn:nbn:de:hebis:30:2-14508
http://data.dm2e.eu/data/aggregation/ub-ffm/msma/urn:nbn:de:hebis:30:2-15359
http://data.dm2e.eu/data/aggregation/ub-ffm/msma/urn:nbn:de:hebis:30:2-12842
http://data.dm2e.eu/data/aggregation/ub-ffm/msma/urn:nbn:de:hebis:30:2-17874
http://data.dm2e.eu/data/aggregation/ub-ffm/msma/urn:nbn:de:hebis:30:2-12089
http://data.dm2e.eu/data/aggregation/ub-ffm/msma/urn:nbn:de:hebis:30:2-15894
http://data.dm2e.eu/data/aggregation/ub-ffm/msma/urn:nbn:de:hebis:30:2-45156
http://data.dm2e.eu/data/aggregation/ub-ffm/msma/urn:nbn:de:hebis:30:2-45269
http://data.dm2e.eu/data/aggregation/ub-ffm/msma/urn:nbn:de:hebis:30:2-45237
http://data.dm2e.eu/data/aggregation/ub-ffm/msma/urn:nbn:de:hebis:30:2-45098
http://data.dm2e.eu/data/aggregation/ub-ffm/msma/urn:nbn:de:hebis:30:2-15407
http://data.dm2e.eu/data/aggregation/ub-ffm/msma/urn:nbn:de:hebis:30:2-13510
http://data.dm2e.eu/data/aggregation/ub-ffm/msma/urn:nbn:de:hebis:30:2-14706
http://data.dm2e.eu/data/aggregation/ub-ffm/msma/urn:nbn:de:hebis:30:2-44337
http://data.dm2e.eu/data/aggregation/ub-ffm/msma/urn:nbn:de:hebis:30:2-14624
http://data.dm2e.eu/data/aggregation/ub-ffm/msma/urn:nbn:de:hebis:30:2-17440
http://data.dm2e.eu/data/aggregation/ub-ffm/msma/urn:nbn:de:hebis:30:2-17312
http://data.dm2e.eu/data/aggregation/ub-ffm/msma/urn:nbn:de:hebis:30:2-12042
http://data.dm2e.eu/data/aggregation/ub-ffm/msma/urn:nbn:de:hebis:30:2-15165
http://data.dm2e.eu/data/aggregation/ub-ffm/msma/urn:nbn:de:hebis:30:2-13283
http://data.dm2e.eu/data/aggregation/ub-ffm/msma/urn:nbn:de:hebis:30:2-13401
